Electrostatic potential parameters

Grid information (see 1_default_grid.dat in Angstrom)
    Number of grid points:            460

Quantum electrostatic potential (see 1_default_grid_esp.dat)

Constraints
    Equality constraints
        Equal charges on atoms
                                  2   3   4   5

Restraint
    Hyperbolic restraint to a charge of zero
    Hydrogen atoms are not restrained
    resp_a:                           0.0010
    resp_b:                           0.1000

Fit

Electrostatic Potential Charges
   Center  Symbol       ESP      RESP
      1    B       0.74121578  0.59876668
      2    F      -0.43530395 -0.39969167
      3    F      -0.43530395 -0.39969167
      4    F      -0.43530395 -0.39969167
      5    F      -0.43530395 -0.39969167
Total Charge:     -1.00000000 -1.00000000
